
> portfolio-frontend@0.0.0 build
> vite build

[36mvite v5.4.21 [32mbuilding for production...[36m[39m
transforming...
[32m✓[39m 120 modules transformed.
[31mx[39m Build failed in 3.63s
[31merror during build:
[31m[vite-plugin-pwa:build] [plugin vite-plugin-pwa:build] src/components/hero/MetricItem.jsx (28:4): There was an error during the build:
  Transform failed with 1 error:
G:/PORTFOLIO/frontend/src/components/hero/MetricItem.jsx:28:4: ERROR: Unexpected "}"
Additionally, handling the error in the 'buildEnd' hook caused the following error:
  Transform failed with 1 error:
G:/PORTFOLIO/frontend/src/components/hero/MetricItem.jsx:28:4: ERROR: Unexpected "}"[31m
file: [36mG:/PORTFOLIO/frontend/src/components/hero/MetricItem.jsx:28:4[31m
[33m
[33mUnexpected "}"[33m
26 |  
27 |  return () => clearInterval(interval);
28 |      }, [isUptime, uptimeStart]);
   |      ^
29 |  
30 |  // --- RENDER ---
[31m
    at getRollupError (file:///G:/PORTFOLIO/frontend/node_modules/rollup/dist/es/shared/parseAst.js:401:41)
    at file:///G:/PORTFOLIO/frontend/node_modules/rollup/dist/es/shared/node-entry.js:23390:39
    at process.processTicksAndRejections (node:internal/process/task_queues:105:5)
    at async catchUnfinishedHookActions (file:///G:/PORTFOLIO/frontend/node_modules/rollup/dist/es/shared/node-entry.js:22848:16)
    at async rollupInternal (file:///G:/PORTFOLIO/frontend/node_modules/rollup/dist/es/shared/node-entry.js:23373:5)
    at async build (file:///G:/PORTFOLIO/frontend/node_modules/vite/dist/node/chunks/dep-BK3b2jBa.js:65709:14)
    at async CAC.<anonymous> (file:///G:/PORTFOLIO/frontend/node_modules/vite/dist/node/cli.js:829:5)[39m
